Archive member included to satisfy reference by file (symbol)

C:/ST/STM32CubeIDE_2.2.0/STM32CubeIDE/plugins/com.st.stm32cube.ide.mcu.externaltools.gnu-tools-for-stm32.14.3.rel1.win32_1.0.100.202602081740/tools/bin/../lib/gcc/arm-none-eabi/14.3.1/../../../../arm-none-eabi/lib/thumb/v8-m.main+fp/hard\libc_nano.a(libc_a-exit.o)
                              C:/ST/STM32CubeIDE_2.2.0/STM32CubeIDE/plugins/com.st.stm32cube.ide.mcu.externaltools.gnu-tools-for-stm32.14.3.rel1.win32_1.0.100.202602081740/tools/bin/../lib/gcc/arm-none-eabi/14.3.1/../../../../arm-none-eabi/lib/thumb/v8-m.main+fp/hard/crt0.o (exit)
C:/ST/STM32CubeIDE_2.2.0/STM32CubeIDE/plugins/com.st.stm32cube.ide.mcu.externaltools.gnu-tools-for-stm32.14.3.rel1.win32_1.0.100.202602081740/tools/bin/../lib/gcc/arm-none-eabi/14.3.1/../../../../arm-none-eabi/lib/thumb/v8-m.main+fp/hard\libc_nano.a(libc_a-findfp.o)
                              C:/ST/STM32CubeIDE_2.2.0/STM32CubeIDE/plugins/com.st.stm32cube.ide.mcu.externaltools.gnu-tools-for-stm32.14.3.rel1.win32_1.0.100.202602081740/tools/bin/../lib/gcc/arm-none-eabi/14.3.1/../../../../arm-none-eabi/lib/thumb/v8-m.main+fp/hard\libc_nano.a(libc_a-exit.o) (__stdio_exit_handler)
C:/ST/STM32CubeIDE_2.2.0/STM32CubeIDE/plugins/com.st.stm32cube.ide.mcu.externaltools.gnu-tools-for-stm32.14.3.rel1.win32_1.0.100.202602081740/tools/bin/../lib/gcc/arm-none-eabi/14.3.1/../../../../arm-none-eabi/lib/thumb/v8-m.main+fp/hard\libc_nano.a(libc_a-fwalk.o)
                              C:/ST/STM32CubeIDE_2.2.0/STM32CubeIDE/plugins/com.st.stm32cube.ide.mcu.externaltools.gnu-tools-for-stm32.14.3.rel1.win32_1.0.100.202602081740/tools/bin/../lib/gcc/arm-none-eabi/14.3.1/../../../../arm-none-eabi/lib/thumb/v8-m.main+fp/hard\libc_nano.a(libc_a-findfp.o) (_fwalk_sglue)
C:/ST/STM32CubeIDE_2.2.0/STM32CubeIDE/plugins/com.st.stm32cube.ide.mcu.externaltools.gnu-tools-for-stm32.14.3.rel1.win32_1.0.100.202602081740/tools/bin/../lib/gcc/arm-none-eabi/14.3.1/../../../../arm-none-eabi/lib/thumb/v8-m.main+fp/hard\libc_nano.a(libc_a-stdio.o)
                              C:/ST/STM32CubeIDE_2.2.0/STM32CubeIDE/plugins/com.st.stm32cube.ide.mcu.externaltools.gnu-tools-for-stm32.14.3.rel1.win32_1.0.100.202602081740/tools/bin/../lib/gcc/arm-none-eabi/14.3.1/../../../../arm-none-eabi/lib/thumb/v8-m.main+fp/hard\libc_nano.a(libc_a-findfp.o) (__sread)
C:/ST/STM32CubeIDE_2.2.0/STM32CubeIDE/plugins/com.st.stm32cube.ide.mcu.externaltools.gnu-tools-for-stm32.14.3.rel1.win32_1.0.100.202602081740/tools/bin/../lib/gcc/arm-none-eabi/14.3.1/../../../../arm-none-eabi/lib/thumb/v8-m.main+fp/hard\libc_nano.a(libc_a-memset.o)
                              C:/ST/STM32CubeIDE_2.2.0/STM32CubeIDE/plugins/com.st.stm32cube.ide.mcu.externaltools.gnu-tools-for-stm32.14.3.rel1.win32_1.0.100.202602081740/tools/bin/../lib/gcc/arm-none-eabi/14.3.1/../../../../arm-none-eabi/lib/thumb/v8-m.main+fp/hard/crt0.o (memset)
C:/ST/STM32CubeIDE_2.2.0/STM32CubeIDE/plugins/com.st.stm32cube.ide.mcu.externaltools.gnu-tools-for-stm32.14.3.rel1.win32_1.0.100.202602081740/tools/bin/../lib/gcc/arm-none-eabi/14.3.1/../../../../arm-none-eabi/lib/thumb/v8-m.main+fp/hard\libc_nano.a(libc_a-closer.o)
                              C:/ST/STM32CubeIDE_2.2.0/STM32CubeIDE/plugins/com.st.stm32cube.ide.mcu.externaltools.gnu-tools-for-stm32.14.3.rel1.win32_1.0.100.202602081740/tools/bin/../lib/gcc/arm-none-eabi/14.3.1/../../../../arm-none-eabi/lib/thumb/v8-m.main+fp/hard\libc_nano.a(libc_a-stdio.o) (_close_r)
C:/ST/STM32CubeIDE_2.2.0/STM32CubeIDE/plugins/com.st.stm32cube.ide.mcu.externaltools.gnu-tools-for-stm32.14.3.rel1.win32_1.0.100.202602081740/tools/bin/../lib/gcc/arm-none-eabi/14.3.1/../../../../arm-none-eabi/lib/thumb/v8-m.main+fp/hard\libc_nano.a(libc_a-reent.o)
                              C:/ST/STM32CubeIDE_2.2.0/STM32CubeIDE/plugins/com.st.stm32cube.ide.mcu.externaltools.gnu-tools-for-stm32.14.3.rel1.win32_1.0.100.202602081740/tools/bin/../lib/gcc/arm-none-eabi/14.3.1/../../../../arm-none-eabi/lib/thumb/v8-m.main+fp/hard\libc_nano.a(libc_a-closer.o) (errno)
C:/ST/STM32CubeIDE_2.2.0/STM32CubeIDE/plugins/com.st.stm32cube.ide.mcu.externaltools.gnu-tools-for-stm32.14.3.rel1.win32_1.0.100.202602081740/tools/bin/../lib/gcc/arm-none-eabi/14.3.1/../../../../arm-none-eabi/lib/thumb/v8-m.main+fp/hard\libc_nano.a(libc_a-impure.o)
                              C:/ST/STM32CubeIDE_2.2.0/STM32CubeIDE/plugins/com.st.stm32cube.ide.mcu.externaltools.gnu-tools-for-stm32.14.3.rel1.win32_1.0.100.202602081740/tools/bin/../lib/gcc/arm-none-eabi/14.3.1/../../../../arm-none-eabi/lib/thumb/v8-m.main+fp/hard\libc_nano.a(libc_a-reent.o) (_impure_ptr)
C:/ST/STM32CubeIDE_2.2.0/STM32CubeIDE/plugins/com.st.stm32cube.ide.mcu.externaltools.gnu-tools-for-stm32.14.3.rel1.win32_1.0.100.202602081740/tools/bin/../lib/gcc/arm-none-eabi/14.3.1/../../../../arm-none-eabi/lib/thumb/v8-m.main+fp/hard\libc_nano.a(libc_a-lseekr.o)
[...]
Memory Configuration

Name             Origin             Length             Attributes
RAM              0x20000000         0x000a0000         xrw
FLASH            0x08000000         0x00200000         xr
*default*        0x00000000         0xffffffff

Linker script and memory map

LOAD C:/ST/STM32CubeIDE_2.2.0/STM32CubeIDE/plugins/com.st.stm32cube.ide.mcu.externaltools.gnu-tools-for-stm32.14.3.rel1.win32_1.0.100.202602081740/tools/bin/../lib/gcc/arm-none-eabi/14.3.1/thumb/v8-m.main+fp/hard/crti.o
LOAD C:/ST/STM32CubeIDE_2.2.0/STM32CubeIDE/plugins/com.st.stm32cube.ide.mcu.externaltools.gnu-tools-for-stm32.14.3.rel1.win32_1.0.100.202602081740/tools/bin/../lib/gcc/arm-none-eabi/14.3.1/thumb/v8-m.main+fp/hard/crtbegin.o
LOAD C:/ST/STM32CubeIDE_2.2.0/STM32CubeIDE/plugins/com.st.stm32cube.ide.mcu.externaltools.gnu-tools-for-stm32.14.3.rel1.win32_1.0.100.202602081740/tools/bin/../lib/gcc/arm-none-eabi/14.3.1/../../../../arm-none-eabi/lib/thumb/v8-m.main+fp/hard/crt0.o
LOAD ./Core/Src/main.o
LOAD ./Core/Src/stm32h5xx_hal_msp.o
LOAD ./Core/Src/stm32h5xx_it.o
LOAD ./Core/Src/syscalls.o
LOAD ./Core/Src/sysmem.o
LOAD ./Core/Src/system_stm32h5xx.o
LOAD ./Core/Startup/startup_stm32h563vitx.o
LOAD ./Drivers/STM32H5xx_HAL_Driver/Src/stm32h5xx_hal.o
LOAD ./Drivers/STM32H5xx_HAL_Driver/Src/stm32h5xx_hal_cortex.o
LOAD ./Drivers/STM32H5xx_HAL_Driver/Src/stm32h5xx_hal_dma.o
LOAD ./Drivers/STM32H5xx_HAL_Driver/Src/stm32h5xx_hal_dma_ex.o
LOAD ./Drivers/STM32H5xx_HAL_Driver/Src/stm32h5xx_hal_exti.o
LOAD ./Drivers/STM32H5xx_HAL_Driver/Src/stm32h5xx_hal_fdcan.o
LOAD ./Drivers/STM32H5xx_HAL_Driver/Src/stm32h5xx_hal_flash.o
LOAD ./Drivers/STM32H5xx_HAL_Driver/Src/stm32h5xx_hal_flash_ex.o
LOAD ./Drivers/STM32H5xx_HAL_Driver/Src/stm32h5xx_hal_gpio.o
LOAD ./Drivers/STM32H5xx_HAL_Driver/Src/stm32h5xx_hal_pwr.o
LOAD ./Drivers/STM32H5xx_HAL_Driver/Src/stm32h5xx_hal_pwr_ex.o
LOAD ./Drivers/STM32H5xx_HAL_Driver/Src/stm32h5xx_hal_rcc.o
LOAD ./Drivers/STM32H5xx_HAL_Driver/Src/stm32h5xx_hal_rcc_ex.o
LOAD ./Drivers/STM32H5xx_HAL_Driver/Src/stm32h5xx_hal_tim.o
LOAD ./Drivers/STM32H5xx_HAL_Driver/Src/stm32h5xx_hal_tim_ex.o
START GROUP
LOAD C:/ST/STM32CubeIDE_2.2.0/STM32CubeIDE/plugins/com.st.stm32cube.ide.mcu.externaltools.gnu-tools-for-stm32.14.3.rel1.win32_1.0.100.202602081740/tools/bin/../lib/gcc/arm-none-eabi/14.3.1/../../../../arm-none-eabi/lib/thumb/v8-m.main+fp/hard\libc_nano.a
LOAD C:/ST/STM32CubeIDE_2.2.0/STM32CubeIDE/plugins/com.st.stm32cube.ide.mcu.externaltools.gnu-tools-for-stm32.14.3.rel1.win32_1.0.100.202602081740/tools/bin/../lib/gcc/arm-none-eabi/14.3.1/../../../../arm-none-eabi/lib/thumb/v8-m.main+fp/hard\libm.a
END GROUP
START GROUP
LOAD C:/ST/STM32CubeIDE_2.2.0/STM32CubeIDE/plugins/com.st.stm32cube.ide.mcu.externaltools.gnu-tools-for-stm32.14.3.rel1.win32_1.0.100.202602081740/tools/bin/../lib/gcc/arm-none-eabi/14.3.1/thumb/v8-m.main+fp/hard\libgcc.a
LOAD C:/ST/STM32CubeIDE_2.2.0/STM32CubeIDE/plugins/com.st.stm32cube.ide.mcu.externaltools.gnu-tools-for-stm32.14.3.rel1.win32_1.0.100.202602081740/tools/bin/../lib/gcc/arm-none-eabi/14.3.1/../../../../arm-none-eabi/lib/thumb/v8-m.main+fp/hard\libc_nano.a
END GROUP
START GROUP
LOAD C:/ST/STM32CubeIDE_2.2.0/STM32CubeIDE/plugins/com.st.stm32cube.ide.mcu.externaltools.gnu-tools-for-stm32.14.3.rel1.win32_1.0.100.202602081740/tools/bin/../lib/gcc/arm-none-eabi/14.3.1/thumb/v8-m.main+fp/hard\libgcc.a
LOAD C:/ST/STM32CubeIDE_2.2.0/STM32CubeIDE/plugins/com.st.stm32cube.ide.mcu.externaltools.gnu-tools-for-stm32.14.3.rel1.win32_1.0.100.202602081740/tools/bin/../lib/gcc/arm-none-eabi/14.3.1/../../../../arm-none-eabi/lib/thumb/v8-m.main+fp/hard\libc_nano.a
LOAD C:/ST/STM32CubeIDE_2.2.0/STM32CubeIDE/plugins/com.st.stm32cube.ide.mcu.externaltools.gnu-tools-for-stm32.14.3.rel1.win32_1.0.100.202602081740/tools/bin/../lib/gcc/arm-none-eabi/14.3.1/../../../../arm-none-eabi/lib/thumb/v8-m.main+fp/hard\libnosys.a
END GROUP
START GROUP
LOAD C:/ST/STM32CubeIDE_2.2.0/STM32CubeIDE/plugins/com.st.stm32cube.ide.mcu.externaltools.gnu-tools-for-stm32.14.3.rel1.win32_1.0.100.202602081740/tools/bin/../lib/gcc/arm-none-eabi/14.3.1/thumb/v8-m.main+fp/hard\libgcc.a
LOAD C:/ST/STM32CubeIDE_2.2.0/STM32CubeIDE/plugins/com.st.stm32cube.ide.mcu.externaltools.gnu-tools-for-stm32.14.3.rel1.win32_1.0.100.202602081740/tools/bin/../lib/gcc/arm-none-eabi/14.3.1/../../../../arm-none-eabi/lib/thumb/v8-m.main+fp/hard\libc_nano.a
LOAD C:/ST/STM32CubeIDE_2.2.0/STM32CubeIDE/plugins/com.st.stm32cube.ide.mcu.externaltools.gnu-tools-for-stm32.14.3.rel1.win32_1.0.100.202602081740/tools/bin/../lib/gcc/arm-none-eabi/14.3.1/../../../../arm-none-eabi/lib/thumb/v8-m.main+fp/hard\libnosys.a
END GROUP
LOAD C:/ST/STM32CubeIDE_2.2.0/STM32CubeIDE/plugins/com.st.stm32cube.ide.mcu.externaltools.gnu-tools-for-stm32.14.3.rel1.win32_1.0.100.202602081740/tools/bin/../lib/gcc/arm-none-eabi/14.3.1/thumb/v8-m.main+fp/hard/crtend.o
LOAD C:/ST/STM32CubeIDE_2.2.0/STM32CubeIDE/plugins/com.st.stm32cube.ide.mcu.externaltools.gnu-tools-for-stm32.14.3.rel1.win32_1.0.100.202602081740/tools/bin/../lib/gcc/arm-none-eabi/14.3.1/thumb/v8-m.main+fp/hard/crtn.o
                0x200a0000                        _estack = (ORIGIN (RAM) + LENGTH (RAM))
                0x2009fc00                        _sstack = (_estack - _Min_Stack_Size)
                0x00000200                        _Min_Heap_Size = 0x200
                0x00000400                        _Min_Stack_Size = 0x400

.isr_vector     0x08000000      0x24c
                0x08000000                        . = ALIGN (0x4)
 *(.isr_vector)
 .isr_vector    0x08000000      0x24c ./Core/Startup/startup_stm32h563vitx.o
                0x08000000                g_pfnVectors
                0x0800024c                        . = ALIGN (0x4)

.text           0x08000250     0x7088
                0x08000250                        . = ALIGN (0x4)
 *(.text)
 .text          0x08000250       0x40 C:/ST/STM32CubeIDE_2.2.0/STM32CubeIDE/plugins/com.st.stm32cube.ide.mcu.externaltools.gnu-tools-for-stm32.14.3.rel1.win32_1.0.100.202602081740/tools/bin/../lib/gcc/arm-none-eabi/14.3.1/thumb/v8-m.main+fp/hard/crtbegin.o
 .text          0x08000290      0x254 C:/ST/STM32CubeIDE_2.2.0/STM32CubeIDE/plugins/com.st.stm32cube.ide.mcu.externaltools.gnu-tools-for-stm32.14.3.rel1.win32_1.0.100.202602081740/tools/bin/../lib/gcc/arm-none-eabi/14.3.1/thumb/v8-m.main+fp/hard\libgcc.a(_arm_muldf3.o)
                0x08000290                __muldf3
                0x08000290                __aeabi_dmul
 .text          0x080004e4      0x378 C:/ST/STM32CubeIDE_2.2.0/STM32CubeIDE/plugins/com.st.stm32cube.ide.mcu.externaltools.gnu-tools-for-stm32.14.3.rel1.win32_1.0.100.202602081740/tools/bin/../lib/gcc/arm-none-eabi/14.3.1/thumb/v8-m.main+fp/hard\libgcc.a(_arm_addsubdf3.o)
                0x080004e4                __aeabi_drsub
                0x080004ec                __aeabi_dsub
                0x080004ec                __subdf3
                0x080004f0                __aeabi_dadd
                0x080004f0                __adddf3
                0x08000768                __floatunsidf
                0x08000768                __aeabi_ui2d
                0x08000788                __floatsidf
                0x08000788                __aeabi_i2d
                0x080007ac                __aeabi_f2d
                0x080007ac                __extendsfdf2
                0x080007f0                __floatundidf
                0x080007f0                __aeabi_ul2d
                0x08000800                __floatdidf
                0x08000800                __aeabi_l2d
 .text          0x0800085c      0x110 C:/ST/STM32CubeIDE_2.2.0/STM32CubeIDE/plugins/com.st.stm32cube.ide.mcu.externaltools.gnu-tools-for-stm32.14.3.rel1.win32_1.0.100.202602081740/tools/bin/../lib/gcc/arm-none-eabi/14.3.1/thumb/v8-m.main+fp/hard\libgcc.a(_arm_cmpdf2.o)
                0x0800085c                __gtdf2
                0x0800085c                __gedf2
                0x08000864                __ltdf2
                0x08000864                __ledf2
                0x0800086c                __nedf2
                0x0800086c                __eqdf2
                0x0800086c                __cmpdf2
                0x080008e8                __aeabi_cdrcmple
                0x080008f8                __aeabi_cdcmpeq
                0x080008f8                __aeabi_cdcmple
                0x08000908                __aeabi_dcmpeq
                0x0800091c                __aeabi_dcmplt
                0x08000930                __aeabi_dcmple
                0x08000944                __aeabi_dcmpge
                0x08000958                __aeabi_dcmpgt
 .text          0x0800096c       0x40 C:/ST/STM32CubeIDE_2.2.0/STM32CubeIDE/plugins/com.st.stm32cube.ide.mcu.externaltools.gnu-tools-for-stm32.14.3.rel1.win32_1.0.100.202602081740/tools/bin/../lib/gcc/arm-none-eabi/14.3.1/thumb/v8-m.main+fp/hard\libgcc.a(_arm_fixunsdfsi.o)
                0x0800096c                __aeabi_d2uiz
                0x0800096c                __fixunsdfsi
 *(.text*)
 .text.HAL_FDCAN_RxFifo0Callback
                0x080009ac       0x48 ./Core/Src/main.o
                0x080009ac                HAL_FDCAN_RxFifo0Callback
 *fill*         0x080009f4        0x4 
 .text.main     0x080009f8      0x5f0 ./Core/Src/main.o
                0x080009f8                main
 .text.SystemClock_Config
                0x08000fe8       0xec ./Core/Src/main.o
                0x08000fe8                SystemClock_Config
 .text.MX_FDCAN2_Init
                0x080010d4       0x90 ./Core/Src/main.o
 .text.MX_TIM8_Init
                0x08001164      0x140 ./Core/Src/main.o
 .text.MX_TIM12_Init
                0x080012a4       0xb4 ./Core/Src/main.o
 .text.MX_TIM15_Init
                0x08001358      0x10c ./Core/Src/main.o
 .text.MX_GPIO_Init
                0x08001464      0x104 ./Core/Src/main.o
 .text.Error_Handler
                0x08001568        0xc ./Core/Src/main.o
                0x08001568                Error_Handler
 .text.HAL_MspInit
                0x08001574        0xe ./Core/Src/stm32h5xx_hal_msp.o
                0x08001574                HAL_MspInit
 *fill*         0x08001582        0x2 
 .text.HAL_FDCAN_MspInit
                0x08001584      0x140 ./Core/Src/stm32h5xx_hal_msp.o
                0x08001584                HAL_FDCAN_MspInit
 .text.HAL_TIM_PWM_MspInit
                0x080016c4       0xa0 ./Core/Src/stm32h5xx_hal_msp.o
                0x080016c4                HAL_TIM_PWM_MspInit
 .text.HAL_TIM_MspPostInit
                0x08001764      0x11c ./Core/Src/stm32h5xx_hal_msp.o
                0x08001764                HAL_TIM_MspPostInit
 .text.NMI_Handler
                0x08001880        0x8 ./Core/Src/stm32h5xx_it.o
                0x08001880                NMI_Handler
 .text.HardFault_Handler
                0x08001888        0x8 ./Core/Src/stm32h5xx_it.o
                0x08001888                HardFault_Handler
 .text.MemManage_Handler
                0x08001890        0x8 ./Core/Src/stm32h5xx_it.o
                0x08001890                MemManage_Handler
 .text.BusFault_Handler
                0x08001898        0x8 ./Core/Src/stm32h5xx_it.o
                0x08001898                BusFault_Handler
 .text.UsageFault_Handler
                0x080018a0        0x8 ./Core/Src/stm32h5xx_it.o
                0x080018a0                UsageFault_Handler
 .text.SVC_Handler
                0x080018a8        0xe ./Core/Src/stm32h5xx_it.o
                0x080018a8                SVC_Handler
 .text.DebugMon_Handler
                0x080018b6        0xe ./Core/Src/stm32h5xx_it.o
                0x080018b6                DebugMon_Handler
 .text.PendSV_Handler
                0x080018c4        0xe ./Core/Src/stm32h5xx_it.o
                0x080018c4                PendSV_Handler
 .text.SysTick_Handler
                0x080018d2        0xc ./Core/Src/stm32h5xx_it.o
                0x080018d2                SysTick_Handler
 *fill*         0x080018de        0x2 
 .text.FDCAN2_IT0_IRQHandler
                0x080018e0       0x14 ./Core/Src/stm32h5xx_it.o
                0x080018e0                FDCAN2_IT0_IRQHandler
 .text.FDCAN2_IT1_IRQHandler
                0x080018f4       0x14 ./Core/Src/stm32h5xx_it.o
                0x080018f4                FDCAN2_IT1_IRQHandler
 .text.SystemInit
                0x08001908      0x100 ./Core/Src/system_stm32h5xx.o
                0x08001908                SystemInit
 .text.Reset_Handler
                0x08001a08       0x5c ./Core/Startup/startup_stm32h563vitx.o
                0x08001a08                Reset_Handler
 .text.Default_Handler
                0x08001a64        0x2 ./Core/Startup/startup_stm32h563vitx.o
                0x08001a64                EXTI2_IRQHandler
                0x08001a64                TIM8_TRG_COM_IRQHandler
                0x08001a64                TIM8_CC_IRQHandler
                0x08001a64                EXTI5_IRQHandler
                0x08001a64                I3C1_ER_IRQHandler
                0x08001a64                UART8_IRQHandler
                0x08001a64                SPI4_IRQHandler
                0x08001a64                GPDMA2_Channel1_IRQHandler
                0x08001a64                FLASH_S_IRQHandler
                0x08001a64                EXTI13_IRQHandler
                0x08001a64                TIM1_CC_IRQHandler
                0x08001a64                GPDMA2_Channel3_IRQHandler
                0x08001a64                TAMP_IRQHandler
                0x08001a64                TIM6_IRQHandler
                0x08001a64                EXTI12_IRQHandler
                0x08001a64                CORDIC_IRQHandler
                0x08001a64                USB_DRD_FS_IRQHandler
                0x08001a64                EXTI3_IRQHandler
                0x08001a64                LPTIM4_IRQHandler
                0x08001a64                GPDMA1_Channel5_IRQHandler
                0x08001a64                EXTI8_IRQHandler
                0x08001a64                GPDMA2_Channel5_IRQHandler
                0x08001a64                LPTIM2_IRQHandler
                0x08001a64                I2C3_ER_IRQHandler
                0x08001a64                GPDMA2_Channel2_IRQHandler
                0x08001a64                USART10_IRQHandler
                0x08001a64                LPTIM3_IRQHandler
                0x08001a64                EXTI0_IRQHandler
                0x08001a64                I2C2_EV_IRQHandler
                0x08001a64                FPU_IRQHandler
                0x08001a64                GPDMA1_Channel3_IRQHandler
                0x08001a64                GPDMA1_Channel7_IRQHandler
                0x08001a64                FDCAN1_IT1_IRQHandler
                0x08001a64                RAMCFG_IRQHandler
                0x08001a64                DCACHE1_IRQHandler
                0x08001a64                SPI1_IRQHandler
                0x08001a64                OCTOSPI1_IRQHandler
                0x08001a64                GPDMA1_Channel2_IRQHandler
                0x08001a64                TIM8_UP_IRQHandler
                0x08001a64                RCC_S_IRQHandler
                0x08001a64                SAI2_IRQHandler
                0x08001a64                ADC1_IRQHandler
                0x08001a64                USART6_IRQHandler
                0x08001a64                EXTI15_IRQHandler
                0x08001a64                TIM17_IRQHandler
                0x08001a64                USART3_IRQHandler
                0x08001a64                RTC_IRQHandler
                0x08001a64                EXTI9_IRQHandler
                0x08001a64                LPTIM5_IRQHandler
                0x08001a64                UART5_IRQHandler
                0x08001a64                TIM4_IRQHandler
                0x08001a64                I2C1_EV_IRQHandler
                0x08001a64                GPDMA1_Channel1_IRQHandler
                0x08001a64                TIM16_IRQHandler
                0x08001a64                UART4_IRQHandler
                0x08001a64                SecureFault_Handler
                0x08001a64                TIM3_IRQHandler
                0x08001a64                RCC_IRQHandler
                0x08001a64                UART9_IRQHandler
                0x08001a64                TIM1_TRG_COM_IRQHandler
                0x08001a64                Default_Handler
                0x08001a64                FMAC_IRQHandler
                0x08001a64                CEC_IRQHandler
                0x08001a64                USART11_IRQHandler
                0x08001a64                TIM14_IRQHandler
                0x08001a64                TIM13_IRQHandler
                0x08001a64                GPDMA2_Channel4_IRQHandler
                0x08001a64                SPI5_IRQHandler
                0x08001a64                TIM12_IRQHandler
                0x08001a64                TIM7_IRQHandler
                0x08001a64                SDMMC1_IRQHandler
                0x08001a64                TIM5_IRQHandler
                0x08001a64                UCPD1_IRQHandler
                0x08001a64                GPDMA1_Channel0_IRQHandler
                0x08001a64                I3C1_EV_IRQHandler
                0x08001a64                TIM15_IRQHandler
                0x08001a64                PVD_AVD_IRQHandler
                0x08001a64                I2C3_EV_IRQHandler
                0x08001a64                ETH_WKUP_IRQHandler
                0x08001a64                ADC2_IRQHandler
                0x08001a64                SPI2_IRQHandler
                0x08001a64                EXTI14_IRQHandler
                0x08001a64                EXTI11_IRQHandler
                0x08001a64                CRS_IRQHandler
                0x08001a64                EXTI4_IRQHandler
                0x08001a64                GPDMA2_Channel0_IRQHandler
                0x08001a64                RTC_S_IRQHandler
                0x08001a64                RNG_IRQHandler
                0x08001a64                ETH_IRQHandler
                0x08001a64                GPDMA2_Channel6_IRQHandler
                0x08001a64                TIM1_UP_IRQHandler
                0x08001a64                UART12_IRQHandler
                0x08001a64                WWDG_IRQHandler
                0x08001a64                SPI6_IRQHandler
                0x08001a64                I2C4_EV_IRQHandler
                0x08001a64                IWDG_IRQHandler
                0x08001a64                LPUART1_IRQHandler
                0x08001a64                FDCAN1_IT0_IRQHandler
                0x08001a64                TIM2_IRQHandler
                0x08001a64                GPDMA1_Channel4_IRQHandler
                0x08001a64                EXTI7_IRQHandler
                0x08001a64                TIM1_BRK_IRQHandler
                0x08001a64                EXTI1_IRQHandler
                0x08001a64                SDMMC2_IRQHandler
                0x08001a64                LPTIM6_IRQHandler
                0x08001a64                DAC1_IRQHandler
                0x08001a64                DTS_IRQHandler
                0x08001a64                UART7_IRQHandler
                0x08001a64                GTZC_IRQHandler
                0x08001a64                USART2_IRQHandler
                0x08001a64                GPDMA1_Channel6_IRQHandler
                0x08001a64                GPDMA2_Channel7_IRQHandler
                0x08001a64                I2C2_ER_IRQHandler
                0x08001a64                TIM8_BRK_IRQHandler
                0x08001a64                FLASH_IRQHandler
                0x08001a64                USART1_IRQHandler
                0x08001a64                EXTI10_IRQHandler
                0x08001a64                SPI3_IRQHandler
                0x08001a64                I2C1_ER_IRQHandler
                0x08001a64                FMC_IRQHandler
                0x08001a64                EXTI6_IRQHandler
                0x08001a64                LPTIM1_IRQHandler
                0x08001a64                DCMI_PSSI_IRQHandler
                0x08001a64                I2C4_ER_IRQHandler
                0x08001a64                ICACHE_IRQHandler
                0x08001a64                SAI1_IRQHandler
                0x08001a64                HASH_IRQHandler
 *fill*         0x08001a66        0x2 
 .text.HAL_Init
                0x08001a68       0x50 ./Drivers/STM32H5xx_HAL_Driver/Src/stm32h5xx_hal.o
                0x08001a68                HAL_Init
 .text.HAL_InitTick
                0x08001ab8       0xec ./Drivers/STM32H5xx_HAL_Driver/Src/stm32h5xx_hal.o
                0x08001ab8                HAL_InitTick
 .text.HAL_IncTick
                0x08001ba4       0x28 ./Drivers/STM32H5xx_HAL_Driver/Src/stm32h5xx_hal.o
                0x08001ba4                HAL_IncTick
 .text.HAL_GetTick
                0x08001bcc       0x18 ./Drivers/STM32H5xx_HAL_Driver/Src/stm32h5xx_hal.o
                0x08001bcc                HAL_GetTick
 .text.HAL_Delay
                0x08001be4       0x48 ./Drivers/STM32H5xx_HAL_Driver/Src/stm32h5xx_hal.o
                0x08001be4                HAL_Delay
 .text.__NVIC_SetPriorityGrouping
                0x08001c2c       0x48 ./Drivers/STM32H5xx_HAL_Driver/Src/stm32h5xx_hal_cortex.o
 .text.__NVIC_GetPriorityGrouping
                0x08001c74       0x1c ./Drivers/STM32H5xx_HAL_Driver/Src/stm32h5xx_hal_cortex.o
 .text.__NVIC_EnableIRQ
                0x08001c90       0x3c ./Drivers/STM32H5xx_HAL_Driver/Src/stm32h5xx_hal_cortex.o
 .text.__NVIC_SetPriority
                0x08001ccc       0x54 ./Drivers/STM32H5xx_HAL_Driver/Src/stm32h5xx_hal_cortex.o
 .text.NVIC_EncodePriority
                0x08001d20       0x66 ./Drivers/STM32H5xx_HAL_Driver/Src/stm32h5xx_hal_cortex.o
 .text.HAL_NVIC_SetPriorityGrouping
                0x08001d86       0x16 ./Drivers/STM32H5xx_HAL_Driver/Src/stm32h5xx_hal_cortex.o
                0x08001d86                HAL_NVIC_SetPriorityGrouping
 .text.HAL_NVIC_SetPriority
                0x08001d9c       0x34 ./Drivers/STM32H5xx_HAL_Driver/Src/stm32h5xx_hal_cortex.o
                0x08001d9c                HAL_NVIC_SetPriority
 .text.HAL_NVIC_EnableIRQ
                0x08001dd0       0x1c ./Drivers/STM32H5xx_HAL_Driver/Src/stm32h5xx_hal_cortex.o
                0x08001dd0                HAL_NVIC_EnableIRQ
 .text.HAL_SYSTICK_Config
                0x08001dec       0x44 ./Drivers/STM32H5xx_HAL_Driver/Src/stm32h5xx_hal_cortex.o
                0x08001dec                HAL_SYSTICK_Config
 .text.HAL_SYSTICK_CLKSourceConfig
                0x08001e30       0xb0 ./Drivers/STM32H5xx_HAL_Driver/Src/stm32h5xx_hal_cortex.o
                0x08001e30                HAL_SYSTICK_CLKSourceConfig
 .text.HAL_SYSTICK_GetCLKSourceConfig
                0x08001ee0       0x6c ./Drivers/STM32H5xx_HAL_Driver/Src/stm32h5xx_hal_cortex.o
                0x08001ee0                HAL_SYSTICK_GetCLKSourceConfig
 .text.HAL_FDCAN_Init
                0x08001f4c      0x2b4 ./Drivers/STM32H5xx_HAL_Driver/Src/stm32h5xx_hal_fdcan.o
                0x08001f4c                HAL_FDCAN_Init
 .text.HAL_FDCAN_ConfigFilter
                0x08002200       0xb4 ./Drivers/STM32H5xx_HAL_Driver/Src/stm32h5xx_hal_fdcan.o
                0x08002200                HAL_FDCAN_ConfigFilter
 .text.HAL_FDCAN_ConfigGlobalFilter
                0x080022b4       0x62 ./Drivers/STM32H5xx_HAL_Driver/Src/stm32h5xx_hal_fdcan.o
                0x080022b4                HAL_FDCAN_ConfigGlobalFilter
 .text.HAL_FDCAN_Start
                0x08002316       0x50 ./Drivers/STM32H5xx_HAL_Driver/Src/stm32h5xx_hal_fdcan.o
                0x08002316                HAL_FDCAN_Start
 .text.HAL_FDCAN_AddMessageToTxFifoQ
                0x08002366       0x88 ./Drivers/STM32H5xx_HAL_Driver/Src/stm32h5xx_hal_fdcan.o
                0x08002366                HAL_FDCAN_AddMessageToTxFifoQ
 *fill*         0x080023ee        0x2 
 .text.HAL_FDCAN_GetRxMessage
                0x080023f0      0x210 ./Drivers/STM32H5xx_HAL_Driver/Src/stm32h5xx_hal_fdcan.o
                0x080023f0                HAL_FDCAN_GetRxMessage
 .text.HAL_FDCAN_GetTxFifoFreeLevel
                0x08002600       0x24 ./Drivers/STM32H5xx_HAL_Driver/Src/stm32h5xx_hal_fdcan.o
                0x08002600                HAL_FDCAN_GetTxFifoFreeLevel
 .text.HAL_FDCAN_ActivateNotification
                0x08002624      0x1cc ./Drivers/STM32H5xx_HAL_Driver/Src/stm32h5xx_hal_fdcan.o
                0x08002624                HAL_FDCAN_ActivateNotification
 .text.HAL_FDCAN_IRQHandler
                0x080027f0      0x266 ./Drivers/STM32H5xx_HAL_Driver/Src/stm32h5xx_hal_fdcan.o
                0x080027f0                HAL_FDCAN_IRQHandler
 .text.HAL_FDCAN_TxEventFifoCallback
                0x08002a56       0x16 ./Drivers/STM32H5xx_HAL_Driver/Src/stm32h5xx_hal_fdcan.o
                0x08002a56                HAL_FDCAN_TxEventFifoCallback
 .text.HAL_FDCAN_RxFifo1Callback
                0x08002a6c       0x16 ./Drivers/STM32H5xx_HAL_Driver/Src/stm32h5xx_hal_fdcan.o
                0x08002a6c                HAL_FDCAN_RxFifo1Callback
 .text.HAL_FDCAN_TxFifoEmptyCallback
                0x08002a82       0x14 ./Drivers/STM32H5xx_HAL_Driver/Src/stm32h5xx_hal_fdcan.o
                0x08002a82                HAL_FDCAN_TxFifoEmptyCallback
 .text.HAL_FDCAN_TxBufferCompleteCallback
                0x08002a96       0x16 ./Drivers/STM32H5xx_HAL_Driver/Src/stm32h5xx_hal_fdcan.o
                0x08002a96                HAL_FDCAN_TxBufferCompleteCallback
 .text.HAL_FDCAN_TxBufferAbortCallback
                0x08002aac       0x16 ./Drivers/STM32H5xx_HAL_Driver/Src/stm32h5xx_hal_fdcan.o
                0x08002aac                HAL_FDCAN_TxBufferAbortCallback
 .text.HAL_FDCAN_TimestampWraparoundCallback
                0x08002ac2       0x14 ./Drivers/STM32H5xx_HAL_Driver/Src/stm32h5xx_hal_fdcan.o
                0x08002ac2                HAL_FDCAN_TimestampWraparoundCallback
 .text.HAL_FDCAN_TimeoutOccurredCallback
                0x08002ad6       0x14 ./Drivers/STM32H5xx_HAL_Driver/Src/stm32h5xx_hal_fdcan.o
                0x08002ad6                HAL_FDCAN_TimeoutOccurredCallback
 .text.HAL_FDCAN_HighPriorityMessageCallback
                0x08002aea       0x14 ./Drivers/STM32H5xx_HAL_Driver/Src/stm32h5xx_hal_fdcan.o
                0x08002aea                HAL_FDCAN_HighPriorityMessageCallback
 .text.HAL_FDCAN_ErrorCallback
                0x08002afe       0x14 ./Drivers/STM32H5xx_HAL_Driver/Src/stm32h5xx_hal_fdcan.o
                0x08002afe                HAL_FDCAN_ErrorCallback
 .text.HAL_FDCAN_ErrorStatusCallback
                0x08002b12       0x16 ./Drivers/STM32H5xx_HAL_Driver/Src/stm32h5xx_hal_fdcan.o
                0x08002b12                HAL_FDCAN_ErrorStatusCallback
 .text.FDCAN_CalcultateRamBlockAddresses
                0x08002b28       0xc4 ./Drivers/STM32H5xx_HAL_Driver/Src/stm32h5xx_hal_fdcan.o
 .text.FDCAN_CopyMessageToRAM
                0x08002bec       0xf8 ./Drivers/STM32H5xx_HAL_Driver/Src/stm32h5xx_hal_fdcan.o
 .text.HAL_GPIO_Init
                0x08002ce4      0x2bc ./Drivers/STM32H5xx_HAL_Driver/Src/stm32h5xx_hal_gpio.o
                0x08002ce4                HAL_GPIO_Init
 .text.HAL_GPIO_WritePin
                0x08002fa0       0x30 ./Drivers/STM32H5xx_HAL_Driver/Src/stm32h5xx_hal_gpio.o
                0x08002fa0                HAL_GPIO_WritePin
 .text.HAL_RCC_OscConfig
                0x08002fd0      0x870 ./Drivers/STM32H5xx_HAL_Driver/Src/stm32h5xx_hal_rcc.o
                0x08002fd0                HAL_RCC_OscConfig
 .text.HAL_RCC_ClockConfig
                0x08003840      0x370 ./Drivers/STM32H5xx_HAL_Driver/Src/stm32h5xx_hal_rcc.o
                0x08003840                HAL_RCC_ClockConfig
 .text.HAL_RCC_GetSysClockFreq
                0x08003bb0      0x258 ./Drivers/STM32H5xx_HAL_Driver/Src/stm32h5xx_hal_rcc.o
                0x08003bb0                HAL_RCC_GetSysClockFreq
 .text.HAL_RCC_GetHCLKFreq
                0x08003e08       0x38 ./Drivers/STM32H5xx_HAL_Driver/Src/stm32h5xx_hal_rcc.o
                0x08003e08                HAL_RCC_GetHCLKFreq
 .text.HAL_RCCEx_PeriphCLKConfig
                0x08003e40     0x1f18 ./Drivers/STM32H5xx_HAL_Driver/Src/stm32h5xx_hal_rcc_ex.o
                0x08003e40                HAL_RCCEx_PeriphCLKConfig
 .text.RCCEx_PLL2_Config
                0x08005d58      0x130 ./Drivers/STM32H5xx_HAL_Driver/Src/stm32h5xx_hal_rcc_ex.o
 .text.RCCEx_PLL3_Config
                0x08005e88      0x130 ./Drivers/STM32H5xx_HAL_Driver/Src/stm32h5xx_hal_rcc_ex.o
 .text.HAL_TIM_PWM_Init
                0x08005fb8       0xae ./Drivers/STM32H5xx_HAL_Driver/Src/stm32h5xx_hal_tim.o
                0x08005fb8                HAL_TIM_PWM_Init
 *fill*         0x08006066        0x2 
 .text.HAL_TIM_PWM_Start
                0x08006068      0x2c0 ./Drivers/STM32H5xx_HAL_Driver/Src/stm32h5xx_hal_tim.o
                0x08006068                HAL_TIM_PWM_Start
 .text.HAL_TIM_PWM_ConfigChannel
                0x08006328      0x228 ./Drivers/STM32H5xx_HAL_Driver/Src/stm32h5xx_hal_tim.o
                0x08006328                HAL_TIM_PWM_ConfigChannel
 .text.TIM_Base_SetConfig
                0x08006550      0x24c ./Drivers/STM32H5xx_HAL_Driver/Src/stm32h5xx_hal_tim.o
                0x08006550                TIM_Base_SetConfig
 .text.TIM_OC1_SetConfig
                0x0800679c      0x184 ./Drivers/STM32H5xx_HAL_Driver/Src/stm32h5xx_hal_tim.o
 .text.TIM_OC2_SetConfig
                0x08006920      0x160 ./Drivers/STM32H5xx_HAL_Driver/Src/stm32h5xx_hal_tim.o
                0x08006920                TIM_OC2_SetConfig
 .text.TIM_OC3_SetConfig
                0x08006a80      0x15c ./Drivers/STM32H5xx_HAL_Driver/Src/stm32h5xx_hal_tim.o
 .text.TIM_OC4_SetConfig
                0x08006bdc      0x160 ./Drivers/STM32H5xx_HAL_Driver/Src/stm32h5xx_hal_tim.o
 .text.TIM_OC5_SetConfig
                0x08006d3c      0x104 ./Drivers/STM32H5xx_HAL_Driver/Src/stm32h5xx_hal_tim.o
 .text.TIM_OC6_SetConfig
                0x08006e40      0x108 ./Drivers/STM32H5xx_HAL_Driver/Src/stm32h5xx_hal_tim.o
 .text.TIM_CCxChannelCmd
                0x08006f48       0x4a ./Drivers/STM32H5xx_HAL_Driver/Src/stm32h5xx_hal_tim.o
                0x08006f48                TIM_CCxChannelCmd
 *fill*         0x08006f92        0x2 
 .text.HAL_TIMEx_MasterConfigSynchronization
                0x08006f94      0x1a0 ./Drivers/STM32H5xx_HAL_Driver/Src/stm32h5xx_hal_tim_ex.o
                0x08006f94                HAL_TIMEx_MasterConfigSynchronization
 .text.HAL_TIMEx_ConfigBreakDeadTime
                0x08007134      0x134 ./Drivers/STM32H5xx_HAL_Driver/Src/stm32h5xx_hal_tim_ex.o
                0x08007134                HAL_TIMEx_ConfigBreakDeadTime
 .text.memset   0x08007268       0x10 C:/ST/STM32CubeIDE_2.2.0/STM32CubeIDE/plugins/com.st.stm32cube.ide.mcu.externaltools.gnu-tools-for-stm32.14.3.rel1.win32_1.0.100.202602081740/tools/bin/../lib/gcc/arm-none-eabi/14.3.1/../../../../arm-none-eabi/lib/thumb/v8-m.main+fp/hard\libc_nano.a(libc_a-memset.o)
                0x08007268                memset
 .text.__libc_init_array
                0x08007278       0x48 C:/ST/STM32CubeIDE_2.2.0/STM32CubeIDE/plugins/com.st.stm32cube.ide.mcu.externaltools.gnu-tools-for-stm32.14.3.rel1.win32_1.0.100.202602081740/tools/bin/../lib/gcc/arm-none-eabi/14.3.1/../../../../arm-none-eabi/lib/thumb/v8-m.main+fp/hard\libc_nano.a(libc_a-init.o)
                0x08007278                __libc_init_array
 *(.glue_7)
 .glue_7        0x080072c0        0x0 linker stubs
 *(.glue_7t)
 .glue_7t       0x080072c0        0x0 linker stubs
 *(.eh_frame)
 .eh_frame      0x080072c0        0x0 C:/ST/STM32CubeIDE_2.2.0/STM32CubeIDE/plugins/com.st.stm32cube.ide.mcu.externaltools.gnu-tools-for-stm32.14.3.rel1.win32_1.0.100.202602081740/tools/bin/../lib/gcc/arm-none-eabi/14.3.1/thumb/v8-m.main+fp/hard/crtbegin.o
 *(.init)
 .init          0x080072c0        0x4 C:/ST/STM32CubeIDE_2.2.0/STM32CubeIDE/plugins/com.st.stm32cube.ide.mcu.externaltools.gnu-tools-for-stm32.14.3.rel1.win32_1.0.100.202602081740/tools/bin/../lib/gcc/arm-none-eabi/14.3.1/thumb/v8-m.main+fp/hard/crti.o
                0x080072c0                _init
 .init          0x080072c4        0x8 C:/ST/STM32CubeIDE_2.2.0/STM32CubeIDE/plugins/com.st.stm32cube.ide.mcu.externaltools.gnu-tools-for-stm32.14.3.rel1.win32_1.0.100.202602081740/tools/bin/../lib/gcc/arm-none-eabi/14.3.1/thumb/v8-m.main+fp/hard/crtn.o
 *(.fini)
 .fini          0x080072cc        0x4 C:/ST/STM32CubeIDE_2.2.0/STM32CubeIDE/plugins/com.st.stm32cube.ide.mcu.externaltools.gnu-tools-for-stm32.14.3.rel1.win32_1.0.100.202602081740/tools/bin/../lib/gcc/arm-none-eabi/14.3.1/thumb/v8-m.main+fp/hard/crti.o
                0x080072cc                _fini
 .fini          0x080072d0        0x8 C:/ST/STM32CubeIDE_2.2.0/STM32CubeIDE/plugins/com.st.stm32cube.ide.mcu.externaltools.gnu-tools-for-stm32.14.3.rel1.win32_1.0.100.202602081740/tools/bin/../lib/gcc/arm-none-eabi/14.3.1/thumb/v8-m.main+fp/hard/crtn.o
                0x080072d8                        . = ALIGN (0x4)
                0x080072d8                        _etext = .

.vfp11_veneer   0x080072d8        0x0
 .vfp11_veneer  0x080072d8        0x0 linker stubs

.v4_bx          0x080072d8        0x0
 .v4_bx         0x080072d8        0x0 linker stubs

.iplt           0x080072d8        0x0
 .iplt          0x080072d8        0x0 C:/ST/STM32CubeIDE_2.2.0/STM32CubeIDE/plugins/com.st.stm32cube.ide.mcu.externaltools.gnu-tools-for-stm32.14.3.rel1.win32_1.0.100.202602081740/tools/bin/../lib/gcc/arm-none-eabi/14.3.1/thumb/v8-m.main+fp/hard/crtbegin.o

.rodata         0x080072d8       0x20
                0x080072d8                        . = ALIGN (0x4)
 *(.rodata)
 *(.rodata*)
 .rodata.AHBPrescTable
                0x080072d8       0x10 ./Core/Src/system_stm32h5xx.o
                0x080072d8                AHBPrescTable
 .rodata.DLCtoBytes
                0x080072e8       0x10 ./Drivers/STM32H5xx_HAL_Driver/Src/stm32h5xx_hal_fdcan.o
                0x080072f8                        . = ALIGN (0x4)

.ARM.extab      0x080072f8        0x0
                0x080072f8                        . = ALIGN (0x4)
 *(.ARM.extab* .gnu.linkonce.armextab.*)
                0x080072f8                        . = ALIGN (0x4)

.ARM            0x080072f8        0x0
                0x080072f8                        . = ALIGN (0x4)
                0x080072f8                        __exidx_start = .
 *(.ARM.exidx*)
                0x080072f8                        __exidx_end = .
                0x080072f8                        . = ALIGN (0x4)

.preinit_array  0x080072f8        0x0
                0x080072f8                        . = ALIGN (0x4)
                0x080072f8                        PROVIDE (__preinit_array_start = .)
 *(.preinit_array*)
                0x080072f8                        PROVIDE (__preinit_array_end = .)
                0x080072f8                        . = ALIGN (0x4)

.init_array     0x080072f8        0x4
                0x080072f8                        . = ALIGN (0x4)
                0x080072f8                        PROVIDE (__init_array_start = .)
 *(SORT_BY_NAME(.init_array.*))
 *(.init_array*)
 .init_array    0x080072f8        0x4 C:/ST/STM32CubeIDE_2.2.0/STM32CubeIDE/plugins/com.st.stm32cube.ide.mcu.externaltools.gnu-tools-for-stm32.14.3.rel1.win32_1.0.100.202602081740/tools/bin/../lib/gcc/arm-none-eabi/14.3.1/thumb/v8-m.main+fp/hard/crtbegin.o
                0x080072fc                        PROVIDE (__init_array_end = .)
                0x080072fc                        . = ALIGN (0x4)

.fini_array     0x080072fc        0x4
                0x080072fc                        . = ALIGN (0x4)
                [!provide]                        PROVIDE (__fini_array_start = .)
 *(SORT_BY_NAME(.fini_array.*))
 *(.fini_array*)
 .fini_array    0x080072fc        0x4 C:/ST/STM32CubeIDE_2.2.0/STM32CubeIDE/plugins/com.st.stm32cube.ide.mcu.externaltools.gnu-tools-for-stm32.14.3.rel1.win32_1.0.100.202602081740/tools/bin/../lib/gcc/arm-none-eabi/14.3.1/thumb/v8-m.main+fp/hard/crtbegin.o
                [!provide]                        PROVIDE (__fini_array_end = .)
                0x08007300                        . = ALIGN (0x4)
                0x08007300                        _sidata = LOADADDR (.data)

.rel.dyn        0x08007300        0x0
 .rel.iplt      0x08007300        0x0 C:/ST/STM32CubeIDE_2.2.0/STM32CubeIDE/plugins/com.st.stm32cube.ide.mcu.externaltools.gnu-tools-for-stm32.14.3.rel1.win32_1.0.100.202602081740/tools/bin/../lib/gcc/arm-none-eabi/14.3.1/thumb/v8-m.main+fp/hard/crtbegin.o

.data           0x20000000       0x20 load address 0x08007300
                0x20000000                        . = ALIGN (0x4)
                0x20000000                        _sdata = .
 *(.data)
 *(.data*)
 .data.a        0x20000000        0x4 ./Core/Src/main.o
                0x20000000                a
 .data.b        0x20000004        0x4 ./Core/Src/main.o
                0x20000004                b
 .data.nrowB    0x20000008        0x4 ./Core/Src/main.o
                0x20000008                nrowB
 .data.ncolB    0x2000000c        0x4 ./Core/Src/main.o
                0x2000000c                ncolB
 .data.ncolC    0x20000010        0x4 ./Core/Src/main.o
                0x20000010                ncolC
 .data.SystemCoreClock
                0x20000014        0x4 ./Core/Src/system_stm32h5xx.o
                0x20000014                SystemCoreClock
 .data.uwTickPrio
                0x20000018        0x4 ./Drivers/STM32H5xx_HAL_Driver/Src/stm32h5xx_hal.o
                0x20000018                uwTickPrio
 .data.uwTickFreq
                0x2000001c        0x1 ./Drivers/STM32H5xx_HAL_Driver/Src/stm32h5xx_hal.o
                0x2000001c                uwTickFreq
 *(.RamFunc)
 *(.RamFunc*)
                0x20000020                        . = ALIGN (0x4)
 *fill*         0x2000001d        0x3 
                0x20000020                        _edata = .

.igot.plt       0x20000020        0x0 load address 0x08007320
 .igot.plt      0x20000020        0x0 C:/ST/STM32CubeIDE_2.2.0/STM32CubeIDE/plugins/com.st.stm32cube.ide.mcu.externaltools.gnu-tools-for-stm32.14.3.rel1.win32_1.0.100.202602081740/tools/bin/../lib/gcc/arm-none-eabi/14.3.1/thumb/v8-m.main+fp/hard/crtbegin.o
                0x20000020                        . = ALIGN (0x4)

.bss            0x20000020      0x30c load address 0x08007320
                0x20000020                        _sbss = .
                0x20000020                        __bss_start__ = _sbss
 *(.bss)
 .bss           0x20000020       0x1c C:/ST/STM32CubeIDE_2.2.0/STM32CubeIDE/plugins/com.st.stm32cube.ide.mcu.externaltools.gnu-tools-for-stm32.14.3.rel1.win32_1.0.100.202602081740/tools/bin/../lib/gcc/arm-none-eabi/14.3.1/thumb/v8-m.main+fp/hard/crtbegin.o
 *(.bss*)
 .bss.hfdcan2   0x2000003c       0x64 ./Core/Src/main.o
                0x2000003c                hfdcan2
 .bss.htim8     0x200000a0       0x4c ./Core/Src/main.o
                0x200000a0                htim8
 .bss.htim12    0x200000ec       0x4c ./Core/Src/main.o
                0x200000ec                htim12
 .bss.htim15    0x20000138       0x4c ./Core/Src/main.o
                0x20000138                htim15
 .bss.ds4       0x20000184        0x8 ./Core/Src/main.o
                0x20000184                ds4
 .bss.TxHeader  0x2000018c       0x24 ./Core/Src/main.o
                0x2000018c                TxHeader
 .bss.TxData    0x200001b0       0x40 ./Core/Src/main.o
                0x200001b0                TxData
 .bss.RxHeader  0x200001f0       0x28 ./Core/Src/main.o
                0x200001f0                RxHeader
 .bss.L         0x20000218        0x8 ./Core/Src/main.o
                0x20000218                L
 .bss.x         0x20000220        0x4 ./Core/Src/main.o
                0x20000220                x
 .bss.y         0x20000224        0x4 ./Core/Src/main.o
                0x20000224                y
 .bss.w         0x20000228        0x4 ./Core/Src/main.o
                0x20000228                w
 *fill*         0x2000022c        0x4 
 .bss.matB      0x20000230       0x60 ./Core/Src/main.o
                0x20000230                matB
 .bss.matC      0x20000290       0x18 ./Core/Src/main.o
                0x20000290                matC
 .bss.matA      0x200002a8       0x80 ./Core/Src/main.o
                0x200002a8                matA
 .bss.uwTick    0x20000328        0x4 ./Drivers/STM32H5xx_HAL_Driver/Src/stm32h5xx_hal.o
                0x20000328                uwTick
 *(COMMON)
                0x2000032c                        . = ALIGN (0x4)
                0x2000032c                        _ebss = .
                0x2000032c                        __bss_end__ = _ebss

._user_heap_stack
                0x2000032c      0x604 load address 0x08007320
                0x20000330                        . = ALIGN (0x8)
 *fill*         0x2000032c        0x4 
                [!provide]                        PROVIDE (end = .)
                0x20000330                        PROVIDE (_end = .)
                0x20000530                        . = (. + _Min_Heap_Size)
 *fill*         0x20000330      0x200 
                0x20000930                        . = (. + _Min_Stack_Size)
 *fill*         0x20000530      0x400 
                0x20000930                        . = ALIGN (0x8)

/DISCARD/
 libc.a(*)
 libm.a(*)
 libgcc.a(*)

.ARM.attributes
                0x00000000       0x36
 *(.ARM.attributes)
 .ARM.attributes
                0x00000000       0x26 C:/ST/STM32CubeIDE_2.2.0/STM32CubeIDE/plugins/com.st.stm32cube.ide.mcu.externaltools.gnu-tools-for-stm32.14.3.rel1.win32_1.0.100.202602081740/tools/bin/../lib/gcc/arm-none-eabi/14.3.1/thumb/v8-m.main+fp/hard/crti.o
 .ARM.attributes
                0x00000026       0x38 C:/ST/STM32CubeIDE_2.2.0/STM32CubeIDE/plugins/com.st.stm32cube.ide.mcu.externaltools.gnu-tools-for-stm32.14.3.rel1.win32_1.0.100.202602081740/tools/bin/../lib/gcc/arm-none-eabi/14.3.1/thumb/v8-m.main+fp/hard/crtbegin.o
 .ARM.attributes
                0x0000005e       0x3a ./Core/Src/main.o
 .ARM.attributes
                0x00000098       0x3a ./Core/Src/stm32h5xx_hal_msp.o
 .ARM.attributes
                0x000000d2       0x3a ./Core/Src/stm32h5xx_it.o
 .ARM.attributes
                0x0000010c       0x3a ./Core/Src/system_stm32h5xx.o
 .ARM.attributes
                0x00000146       0x24 ./Core/Startup/startup_stm32h563vitx.o
 .ARM.attributes
                0x0000016a       0x3a ./Drivers/STM32H5xx_HAL_Driver/Src/stm32h5xx_hal.o
 .ARM.attributes
                0x000001a4       0x3a ./Drivers/STM32H5xx_HAL_Driver/Src/stm32h5xx_hal_cortex.o
 .ARM.attributes
                0x000001de       0x3a ./Drivers/STM32H5xx_HAL_Driver/Src/stm32h5xx_hal_fdcan.o
 .ARM.attributes
                0x00000218       0x3a ./Drivers/STM32H5xx_HAL_Driver/Src/stm32h5xx_hal_gpio.o
 .ARM.attributes
                0x00000252       0x3a ./Drivers/STM32H5xx_HAL_Driver/Src/stm32h5xx_hal_rcc.o
 .ARM.attributes
                0x0000028c       0x3a ./Drivers/STM32H5xx_HAL_Driver/Src/stm32h5xx_hal_rcc_ex.o
 .ARM.attributes
                0x000002c6       0x3a ./Drivers/STM32H5xx_HAL_Driver/Src/stm32h5xx_hal_tim.o
 .ARM.attributes
                0x00000300       0x3a ./Drivers/STM32H5xx_HAL_Driver/Src/stm32h5xx_hal_tim_ex.o
 .ARM.attributes
                0x0000033a       0x38 C:/ST/STM32CubeIDE_2.2.0/STM32CubeIDE/plugins/com.st.stm32cube.ide.mcu.externaltools.gnu-tools-for-stm32.14.3.rel1.win32_1.0.100.202602081740/tools/bin/../lib/gcc/arm-none-eabi/14.3.1/../../../../arm-none-eabi/lib/thumb/v8-m.main+fp/hard\libc_nano.a(libc_a-memset.o)
 .ARM.attributes
                0x00000372       0x38 C:/ST/STM32CubeIDE_2.2.0/STM32CubeIDE/plugins/com.st.stm32cube.ide.mcu.externaltools.gnu-tools-for-stm32.14.3.rel1.win32_1.0.100.202602081740/tools/bin/../lib/gcc/arm-none-eabi/14.3.1/../../../../arm-none-eabi/lib/thumb/v8-m.main+fp/hard\libc_nano.a(libc_a-init.o)
 .ARM.attributes
                0x000003aa       0x26 C:/ST/STM32CubeIDE_2.2.0/STM32CubeIDE/plugins/com.st.stm32cube.ide.mcu.externaltools.gnu-tools-for-stm32.14.3.rel1.win32_1.0.100.202602081740/tools/bin/../lib/gcc/arm-none-eabi/14.3.1/thumb/v8-m.main+fp/hard\libgcc.a(_arm_muldf3.o)
 .ARM.attributes
                0x000003d0       0x26 C:/ST/STM32CubeIDE_2.2.0/STM32CubeIDE/plugins/com.st.stm32cube.ide.mcu.externaltools.gnu-tools-for-stm32.14.3.rel1.win32_1.0.100.202602081740/tools/bin/../lib/gcc/arm-none-eabi/14.3.1/thumb/v8-m.main+fp/hard\libgcc.a(_arm_addsubdf3.o)
 .ARM.attributes
                0x000003f6       0x26 C:/ST/STM32CubeIDE_2.2.0/STM32CubeIDE/plugins/com.st.stm32cube.ide.mcu.externaltools.gnu-tools-for-stm32.14.3.rel1.win32_1.0.100.202602081740/tools/bin/../lib/gcc/arm-none-eabi/14.3.1/thumb/v8-m.main+fp/hard\libgcc.a(_arm_cmpdf2.o)
 .ARM.attributes
                0x0000041c       0x26 C:/ST/STM32CubeIDE_2.2.0/STM32CubeIDE/plugins/com.st.stm32cube.ide.mcu.externaltools.gnu-tools-for-stm32.14.3.rel1.win32_1.0.100.202602081740/tools/bin/../lib/gcc/arm-none-eabi/14.3.1/thumb/v8-m.main+fp/hard\libgcc.a(_arm_fixunsdfsi.o)
 .ARM.attributes
                0x00000442       0x26 C:/ST/STM32CubeIDE_2.2.0/STM32CubeIDE/plugins/com.st.stm32cube.ide.mcu.externaltools.gnu-tools-for-stm32.14.3.rel1.win32_1.0.100.202602081740/tools/bin/../lib/gcc/arm-none-eabi/14.3.1/thumb/v8-m.main+fp/hard/crtn.o
OUTPUT(fdcan_practice.elf elf32-littlearm)
LOAD linker stubs
LOAD C:/ST/STM32CubeIDE_2.2.0/STM32CubeIDE/plugins/com.st.stm32cube.ide.mcu.externaltools.gnu-tools-for-stm32.14.3.rel1.win32_1.0.100.202602081740/tools/bin/../lib/gcc/arm-none-eabi/14.3.1/../../../../arm-none-eabi/lib/thumb/v8-m.main+fp/hard\libc.a
LOAD C:/ST/STM32CubeIDE_2.2.0/STM32CubeIDE/plugins/com.st.stm32cube.ide.mcu.externaltools.gnu-tools-for-stm32.14.3.rel1.win32_1.0.100.202602081740/tools/bin/../lib/gcc/arm-none-eabi/14.3.1/../../../../arm-none-eabi/lib/thumb/v8-m.main+fp/hard\libm.a
LOAD C:/ST/STM32CubeIDE_2.2.0/STM32CubeIDE/plugins/com.st.stm32cube.ide.mcu.externaltools.gnu-tools-for-stm32.14.3.rel1.win32_1.0.100.202602081740/tools/bin/../lib/gcc/arm-none-eabi/14.3.1/thumb/v8-m.main+fp/hard\libgcc.a

.debug_info     0x00000000    0x10f85
 .debug_info    0x00000000     0x2500 ./Core/Src/main.o
 .debug_info    0x00002500     0x1c2b ./Core/Src/stm32h5xx_hal_msp.o
 .debug_info    0x0000412b      0x63f ./Core/Src/stm32h5xx_it.o
 .debug_info    0x0000476a      0xd8e ./Core/Src/system_stm32h5xx.o
 .debug_info    0x000054f8       0x30 ./Core/Startup/startup_stm32h563vitx.o
 .debug_info    0x00005528     0x139f ./Drivers/STM32H5xx_HAL_Driver/Src/stm32h5xx_hal.o
 .debug_info    0x000068c7     0x1657 ./Drivers/STM32H5xx_HAL_Driver/Src/stm32h5xx_hal_cortex.o
 .debug_info    0x00007f1e     0x1920 ./Drivers/STM32H5xx_HAL_Driver/Src/stm32h5xx_hal_fdcan.o
 .debug_info    0x0000983e      0x6b6 ./Drivers/STM32H5xx_HAL_Driver/Src/stm32h5xx_hal_gpio.o
 .debug_info    0x00009ef4     0x109f ./Drivers/STM32H5xx_HAL_Driver/Src/stm32h5xx_hal_rcc.o
 .debug_info    0x0000af93     0x12d7 ./Drivers/STM32H5xx_HAL_Driver/Src/stm32h5xx_hal_rcc_ex.o
 .debug_info    0x0000c26a     0x2e71 ./Drivers/STM32H5xx_HAL_Driver/Src/stm32h5xx_hal_tim.o
 .debug_info    0x0000f0db     0x1eaa ./Drivers/STM32H5xx_HAL_Driver/Src/stm32h5xx_hal_tim_ex.o

.debug_abbrev   0x00000000     0x1cd0
 .debug_abbrev  0x00000000      0x350 ./Core/Src/main.o
 .debug_abbrev  0x00000350      0x288 ./Core/Src/stm32h5xx_hal_msp.o
 .debug_abbrev  0x000005d8      0x15a ./Core/Src/stm32h5xx_it.o
 .debug_abbrev  0x00000732      0x13a ./Core/Src/system_stm32h5xx.o
 .debug_abbrev  0x0000086c       0x24 ./Core/Startup/startup_stm32h563vitx.o
 .debug_abbrev  0x00000890      0x2af ./Drivers/STM32H5xx_HAL_Driver/Src/stm32h5xx_hal.o
 .debug_abbrev  0x00000b3f      0x327 ./Drivers/STM32H5xx_HAL_Driver/Src/stm32h5xx_hal_cortex.o
 .debug_abbrev  0x00000e66      0x20b ./Drivers/STM32H5xx_HAL_Driver/Src/stm32h5xx_hal_fdcan.o
 .debug_abbrev  0x00001071      0x1db ./Drivers/STM32H5xx_HAL_Driver/Src/stm32h5xx_hal_gpio.o
 .debug_abbrev  0x0000124c      0x290 ./Drivers/STM32H5xx_HAL_Driver/Src/stm32h5xx_hal_rcc.o
 .debug_abbrev  0x000014dc      0x269 ./Drivers/STM32H5xx_HAL_Driver/Src/stm32h5xx_hal_rcc_ex.o
 .debug_abbrev  0x00001745      0x2c4 ./Drivers/STM32H5xx_HAL_Driver/Src/stm32h5xx_hal_tim.o
 .debug_abbrev  0x00001a09      0x2c7 ./Drivers/STM32H5xx_HAL_Driver/Src/stm32h5xx_hal_tim_ex.o

.debug_aranges  0x00000000      0xef8
 .debug_aranges
                0x00000000       0x60 ./Core/Src/main.o
 .debug_aranges
                0x00000060       0x48 ./Core/Src/stm32h5xx_hal_msp.o
 .debug_aranges
                0x000000a8       0x70 ./Core/Src/stm32h5xx_it.o
 .debug_aranges
                0x00000118       0x28 ./Core/Src/system_stm32h5xx.o
 .debug_aranges
                0x00000140       0x28 ./Core/Startup/startup_stm32h563vitx.o
 .debug_aranges
                0x00000168      0x200 ./Drivers/STM32H5xx_HAL_Driver/Src/stm32h5xx_hal.o
 .debug_aranges
                0x00000368      0x140 ./Drivers/STM32H5xx_HAL_Driver/Src/stm32h5xx_hal_cortex.o
 .debug_aranges
                0x000004a8      0x208 ./Drivers/STM32H5xx_HAL_Driver/Src/stm32h5xx_hal_fdcan.o
 .debug_aranges
                0x000006b0       0x78 ./Drivers/STM32H5xx_HAL_Driver/Src/stm32h5xx_hal_gpio.o
 .debug_aranges
                0x00000728       0xa0 ./Drivers/STM32H5xx_HAL_Driver/Src/stm32h5xx_hal_rcc.o
 .debug_aranges
                0x000007c8      0x108 ./Drivers/STM32H5xx_HAL_Driver/Src/stm32h5xx_hal_rcc_ex.o
 .debug_aranges
                0x000008d0      0x3e8 ./Drivers/STM32H5xx_HAL_Driver/Src/stm32h5xx_hal_tim.o
 .debug_aranges
                0x00000cb8      0x240 ./Drivers/STM32H5xx_HAL_Driver/Src/stm32h5xx_hal_tim_ex.o

.debug_rnglists
                0x00000000      0xb8f
 .debug_rnglists
                0x00000000       0x4a ./Core/Src/main.o
 .debug_rnglists
                0x0000004a       0x34 ./Core/Src/stm32h5xx_hal_msp.o
 .debug_rnglists
                0x0000007e       0x4f ./Core/Src/stm32h5xx_it.o
 .debug_rnglists
                0x000000cd       0x1b ./Core/Src/system_stm32h5xx.o
 .debug_rnglists
                0x000000e8       0x19 ./Core/Startup/startup_stm32h563vitx.o
 .debug_rnglists
                0x00000101      0x17d ./Drivers/STM32H5xx_HAL_Driver/Src/stm32h5xx_hal.o
 .debug_rnglists
                0x0000027e       0xec ./Drivers/STM32H5xx_HAL_Driver/Src/stm32h5xx_hal_cortex.o
 .debug_rnglists
                0x0000036a      0x18d ./Drivers/STM32H5xx_HAL_Driver/Src/stm32h5xx_hal_fdcan.o
 .debug_rnglists
                0x000004f7       0x57 ./Drivers/STM32H5xx_HAL_Driver/Src/stm32h5xx_hal_gpio.o
 .debug_rnglists
                0x0000054e       0x79 ./Drivers/STM32H5xx_HAL_Driver/Src/stm32h5xx_hal_rcc.o
 .debug_rnglists
                0x000005c7       0xcf ./Drivers/STM32H5xx_HAL_Driver/Src/stm32h5xx_hal_rcc_ex.o
 .debug_rnglists
                0x00000696      0x32e ./Drivers/STM32H5xx_HAL_Driver/Src/stm32h5xx_hal_tim.o
 .debug_rnglists
                0x000009c4      0x1cb ./Drivers/STM32H5xx_HAL_Driver/Src/stm32h5xx_hal_tim_ex.o

.debug_macro    0x00000000    0x30e03
 .debug_macro   0x00000000      0x277 ./Core/Src/main.o
 .debug_macro   0x00000277      0xade ./Core/Src/main.o
 .debug_macro   0x00000d55      0x1ee ./Core/Src/main.o
 .debug_macro   0x00000f43       0x22 ./Core/Src/main.o
 .debug_macro   0x00000f65       0x5b ./Core/Src/main.o
 .debug_macro   0x00000fc0       0x2a ./Core/Src/main.o
 .debug_macro   0x00000fea       0x94 ./Core/Src/main.o
 .debug_macro   0x0000107e       0x43 ./Core/Src/main.o
 .debug_macro   0x000010c1       0x34 ./Core/Src/main.o
 .debug_macro   0x000010f5      0x190 ./Core/Src/main.o
 .debug_macro   0x00001285       0x57 ./Core/Src/main.o
 .debug_macro   0x000012dc      0x364 ./Core/Src/main.o
 .debug_macro   0x00001640       0x16 ./Core/Src/main.o
 .debug_macro   0x00001656       0x4a ./Core/Src/main.o
 .debug_macro   0x000016a0       0x34 ./Core/Src/main.o
 .debug_macro   0x000016d4       0x10 ./Core/Src/main.o
 .debug_macro   0x000016e4       0x58 ./Core/Src/main.o
 .debug_macro   0x0000173c       0x8e ./Core/Src/main.o
 .debug_macro   0x000017ca       0x1c ./Core/Src/main.o
 .debug_macro   0x000017e6      0x17e ./Core/Src/main.o
 .debug_macro   0x00001964      0x19b ./Core/Src/main.o
 .debug_macro   0x00001aff       0x28 ./Core/Src/main.o
 .debug_macro   0x00001b27       0x49 ./Core/Src/main.o
 .debug_macro   0x00001b70      0x103 ./Core/Src/main.o
 .debug_macro   0x00001c73       0x6a ./Core/Src/main.o
 .debug_macro   0x00001cdd      0x1df ./Core/Src/main.o
 .debug_macro   0x00001ebc       0x1c ./Core/Src/main.o
 .debug_macro   0x00001ed8       0x29 ./Core/Src/main.o
 .debug_macro   0x00001f01       0xfb ./Core/Src/main.o
 .debug_macro   0x00001ffc     0x1685 ./Core/Src/main.o
 .debug_macro   0x00003681       0x5e ./Core/Src/main.o
 .debug_macro   0x000036df    0x2108f ./Core/Src/main.o
 .debug_macro   0x0002476e       0x6d ./Core/Src/main.o
 .debug_macro   0x000247db     0x3891 ./Core/Src/main.o
 .debug_macro   0x0002806c       0x63 ./Core/Src/main.o
 .debug_macro   0x000280cf     0x1f0d ./Core/Src/main.o
 .debug_macro   0x00029fdc      0xe96 ./Core/Src/main.o
 .debug_macro   0x0002ae72      0x166 ./Core/Src/main.o
 .debug_macro   0x0002afd8      0x30b ./Core/Src/main.o
 .debug_macro   0x0002b2e3      0x917 ./Core/Src/main.o
 .debug_macro   0x0002bbfa      0x478 ./Core/Src/main.o
 .debug_macro   0x0002c072       0xd6 ./Core/Src/main.o
 .debug_macro   0x0002c148      0x1cd ./Core/Src/main.o
 .debug_macro   0x0002c315      0x55b ./Core/Src/main.o
 .debug_macro   0x0002c870      0x638 ./Core/Src/main.o
 .debug_macro   0x0002cea8       0x7b ./Core/Src/main.o
 .debug_macro   0x0002cf23      0x313 ./Core/Src/main.o
 .debug_macro   0x0002d236      0x1bb ./Core/Src/main.o
 .debug_macro   0x0002d3f1      0xbef ./Core/Src/main.o
 .debug_macro   0x0002dfe0      0x3f4 ./Core/Src/main.o
 .debug_macro   0x0002e3d4      0x2ae ./Core/Src/main.o
 .debug_macro   0x0002e682      0x6bd ./Core/Src/main.o
 .debug_macro   0x0002ed3f      0x47e ./Core/Src/main.o
 .debug_macro   0x0002f1bd      0x26d ./Core/Src/stm32h5xx_hal_msp.o
 .debug_macro   0x0002f42a      0x277 ./Core/Src/stm32h5xx_it.o
 .debug_macro   0x0002f6a1      0x26a ./Core/Src/system_stm32h5xx.o
 .debug_macro   0x0002f90b      0x299 ./Drivers/STM32H5xx_HAL_Driver/Src/stm32h5xx_hal.o
 .debug_macro   0x0002fba4      0x263 ./Drivers/STM32H5xx_HAL_Driver/Src/stm32h5xx_hal_cortex.o
 .debug_macro   0x0002fe07      0x375 ./Drivers/STM32H5xx_HAL_Driver/Src/stm32h5xx_hal_fdcan.o
 .debug_macro   0x0003017c      0x299 ./Drivers/STM32H5xx_HAL_Driver/Src/stm32h5xx_hal_gpio.o
 .debug_macro   0x00030415      0x2a5 ./Drivers/STM32H5xx_HAL_Driver/Src/stm32h5xx_hal_rcc.o
 .debug_macro   0x000306ba      0x275 ./Drivers/STM32H5xx_HAL_Driver/Src/stm32h5xx_hal_rcc_ex.o
 .debug_macro   0x0003092f      0x26b ./Drivers/STM32H5xx_HAL_Driver/Src/stm32h5xx_hal_tim.o
 .debug_macro   0x00030b9a      0x269 ./Drivers/STM32H5xx_HAL_Driver/Src/stm32h5xx_hal_tim_ex.o

.debug_line     0x00000000    0x11af1
 .debug_line    0x00000000      0xd48 ./Core/Src/main.o
 .debug_line    0x00000d48      0x9b6 ./Core/Src/stm32h5xx_hal_msp.o
 .debug_line    0x000016fe      0x944 ./Core/Src/stm32h5xx_it.o
 .debug_line    0x00002042      0x9f2 ./Core/Src/system_stm32h5xx.o
 .debug_line    0x00002a34       0x7d ./Core/Startup/startup_stm32h563vitx.o
 .debug_line    0x00002ab1      0xf89 ./Drivers/STM32H5xx_HAL_Driver/Src/stm32h5xx_hal.o
 .debug_line    0x00003a3a      0xeb8 ./Drivers/STM32H5xx_HAL_Driver/Src/stm32h5xx_hal_cortex.o
 .debug_line    0x000048f2     0x19e8 ./Drivers/STM32H5xx_HAL_Driver/Src/stm32h5xx_hal_fdcan.o
 .debug_line    0x000062da      0xc72 ./Drivers/STM32H5xx_HAL_Driver/Src/stm32h5xx_hal_gpio.o
 .debug_line    0x00006f4c     0x1401 ./Drivers/STM32H5xx_HAL_Driver/Src/stm32h5xx_hal_rcc.o
 .debug_line    0x0000834d     0x2e99 ./Drivers/STM32H5xx_HAL_Driver/Src/stm32h5xx_hal_rcc_ex.o
 .debug_line    0x0000b1e6     0x46cc ./Drivers/STM32H5xx_HAL_Driver/Src/stm32h5xx_hal_tim.o
 .debug_line    0x0000f8b2     0x223f ./Drivers/STM32H5xx_HAL_Driver/Src/stm32h5xx_hal_tim_ex.o

.debug_str      0x00000000   0x13f40f
 .debug_str     0x00000000   0x13f40f ./Core/Src/main.o
                             0x13a5ef (size before relaxing)
 .debug_str     0x0013f40f   0x13a7ec ./Core/Src/stm32h5xx_hal_msp.o
 .debug_str     0x0013f40f   0x1392db ./Core/Src/stm32h5xx_it.o
 .debug_str     0x0013f40f   0x1394f5 ./Core/Src/system_stm32h5xx.o
 .debug_str     0x0013f40f       0x64 ./Core/Startup/startup_stm32h563vitx.o
 .debug_str     0x0013f40f   0x13a345 ./Drivers/STM32H5xx_HAL_Driver/Src/stm32h5xx_hal.o
 .debug_str     0x0013f40f   0x139ed0 ./Drivers/STM32H5xx_HAL_Driver/Src/stm32h5xx_hal_cortex.o
 .debug_str     0x0013f40f   0x13a655 ./Drivers/STM32H5xx_HAL_Driver/Src/stm32h5xx_hal_fdcan.o
 .debug_str     0x0013f40f   0x13925a ./Drivers/STM32H5xx_HAL_Driver/Src/stm32h5xx_hal_gpio.o
 .debug_str     0x0013f40f   0x139a3a ./Drivers/STM32H5xx_HAL_Driver/Src/stm32h5xx_hal_rcc.o
 .debug_str     0x0013f40f   0x139d84 ./Drivers/STM32H5xx_HAL_Driver/Src/stm32h5xx_hal_rcc_ex.o
 .debug_str     0x0013f40f   0x13a6aa ./Drivers/STM32H5xx_HAL_Driver/Src/stm32h5xx_hal_tim.o
 .debug_str     0x0013f40f   0x13a2ce ./Drivers/STM32H5xx_HAL_Driver/Src/stm32h5xx_hal_tim_ex.o

.comment        0x00000000       0x43
 .comment       0x00000000       0x43 ./Core/Src/main.o
                                 0x44 (size before relaxing)
 .comment       0x00000043       0x44 ./Core/Src/stm32h5xx_hal_msp.o
 .comment       0x00000043       0x44 ./Core/Src/stm32h5xx_it.o
 .comment       0x00000043       0x44 ./Core/Src/system_stm32h5xx.o
 .comment       0x00000043       0x44 ./Drivers/STM32H5xx_HAL_Driver/Src/stm32h5xx_hal.o
 .comment       0x00000043       0x44 ./Drivers/STM32H5xx_HAL_Driver/Src/stm32h5xx_hal_cortex.o
 .comment       0x00000043       0x44 ./Drivers/STM32H5xx_HAL_Driver/Src/stm32h5xx_hal_fdcan.o
 .comment       0x00000043       0x44 ./Drivers/STM32H5xx_HAL_Driver/Src/stm32h5xx_hal_gpio.o
 .comment       0x00000043       0x44 ./Drivers/STM32H5xx_HAL_Driver/Src/stm32h5xx_hal_rcc.o
 .comment       0x00000043       0x44 ./Drivers/STM32H5xx_HAL_Driver/Src/stm32h5xx_hal_rcc_ex.o
 .comment       0x00000043       0x44 ./Drivers/STM32H5xx_HAL_Driver/Src/stm32h5xx_hal_tim.o
 .comment       0x00000043       0x44 ./Drivers/STM32H5xx_HAL_Driver/Src/stm32h5xx_hal_tim_ex.o

.debug_frame    0x00000000     0x3e80
 .debug_frame   0x00000000      0x148 ./Core/Src/main.o
 .debug_frame   0x00000148       0xe4 ./Core/Src/stm32h5xx_hal_msp.o
 .debug_frame   0x0000022c      0x130 ./Core/Src/stm32h5xx_it.o
 .debug_frame   0x0000035c       0x58 ./Core/Src/system_stm32h5xx.o
 .debug_frame   0x000003b4      0x74c ./Drivers/STM32H5xx_HAL_Driver/Src/stm32h5xx_hal.o
 .debug_frame   0x00000b00      0x508 ./Drivers/STM32H5xx_HAL_Driver/Src/stm32h5xx_hal_cortex.o
 .debug_frame   0x00001008      0x8d0 ./Drivers/STM32H5xx_HAL_Driver/Src/stm32h5xx_hal_fdcan.o
 .debug_frame   0x000018d8      0x1c0 ./Drivers/STM32H5xx_HAL_Driver/Src/stm32h5xx_hal_gpio.o
 .debug_frame   0x00001a98      0x248 ./Drivers/STM32H5xx_HAL_Driver/Src/stm32h5xx_hal_rcc.o
 .debug_frame   0x00001ce0      0x434 ./Drivers/STM32H5xx_HAL_Driver/Src/stm32h5xx_hal_rcc_ex.o
 .debug_frame   0x00002114     0x1188 ./Drivers/STM32H5xx_HAL_Driver/Src/stm32h5xx_hal_tim.o
 .debug_frame   0x0000329c      0x9d4 ./Drivers/STM32H5xx_HAL_Driver/Src/stm32h5xx_hal_tim_ex.o
 .debug_frame   0x00003c70       0x20 C:/ST/STM32CubeIDE_2.2.0/STM32CubeIDE/plugins/com.st.stm32cube.ide.mcu.externaltools.gnu-tools-for-stm32.14.3.rel1.win32_1.0.100.202602081740/tools/bin/../lib/gcc/arm-none-eabi/14.3.1/../../../../arm-none-eabi/lib/thumb/v8-m.main+fp/hard\libc_nano.a(libc_a-memset.o)
 .debug_frame   0x00003c90       0x2c C:/ST/STM32CubeIDE_2.2.0/STM32CubeIDE/plugins/com.st.stm32cube.ide.mcu.externaltools.gnu-tools-for-stm32.14.3.rel1.win32_1.0.100.202602081740/tools/bin/../lib/gcc/arm-none-eabi/14.3.1/../../../../arm-none-eabi/lib/thumb/v8-m.main+fp/hard\libc_nano.a(libc_a-init.o)
 .debug_frame   0x00003cbc       0x30 C:/ST/STM32CubeIDE_2.2.0/STM32CubeIDE/plugins/com.st.stm32cube.ide.mcu.externaltools.gnu-tools-for-stm32.14.3.rel1.win32_1.0.100.202602081740/tools/bin/../lib/gcc/arm-none-eabi/14.3.1/thumb/v8-m.main+fp/hard\libgcc.a(_arm_muldf3.o)
 .debug_frame   0x00003cec       0xac C:/ST/STM32CubeIDE_2.2.0/STM32CubeIDE/plugins/com.st.stm32cube.ide.mcu.externaltools.gnu-tools-for-stm32.14.3.rel1.win32_1.0.100.202602081740/tools/bin/../lib/gcc/arm-none-eabi/14.3.1/thumb/v8-m.main+fp/hard\libgcc.a(_arm_addsubdf3.o)
 .debug_frame   0x00003d98       0xc4 C:/ST/STM32CubeIDE_2.2.0/STM32CubeIDE/plugins/com.st.stm32cube.ide.mcu.externaltools.gnu-tools-for-stm32.14.3.rel1.win32_1.0.100.202602081740/tools/bin/../lib/gcc/arm-none-eabi/14.3.1/thumb/v8-m.main+fp/hard\libgcc.a(_arm_cmpdf2.o)
 .debug_frame   0x00003e5c       0x24 C:/ST/STM32CubeIDE_2.2.0/STM32CubeIDE/plugins/com.st.stm32cube.ide.mcu.externaltools.gnu-tools-for-stm32.14.3.rel1.win32_1.0.100.202602081740/tools/bin/../lib/gcc/arm-none-eabi/14.3.1/thumb/v8-m.main+fp/hard\libgcc.a(_arm_fixunsdfsi.o)

.debug_line_str
                0x00000000       0x48
 .debug_line_str
                0x00000000       0x48 ./Core/Startup/startup_stm32h563vitx.o
